// Jest Snapshot v1, https://goo.gl/fbAQLP

exports[`Assets No Results:  should render correctly 1`] = `
<div>
  <div
    class="w-[26rem] h-32 bg-red-300 rounded-md p-6"
    data-testid="assents-no-results"
  >
    <h1
      class="text-md mb-4"
      data-testid="assents-no-results-message"
    >
      No results. Would you like to try again?
    </h1>
    <button
      class="group relative flex items-stretch justify-center p-0.5 text-center font-medium transition-[color,background-color,border-color,text-decoration-color,fill,stroke,box-shadow] focus:z-10 focus:outline-none bg-blue-500/80 hover:bg-blue-500 border border-white text-white rounded-lg w-full"
      data-testid="assets-no-results-retry-button"
      type="button"
    >
      <span
        class="flex items-stretch transition-all duration-200 rounded-md px-4 py-2 text-sm"
      >
        Retry
        <svg
          class="w-4 h-4 ml-2 flex self-center"
          fill="none"
          stroke="currentColor"
          stroke-width="1.5"
          viewBox="0 0 24 24"
          xmlns="http://www.w3.org/2000/svg"
        >
          <path
            d="M16.023 9.348h4.992v-.001M2.985 19.644v-4.992m0 0h4.992m-4.993 0 3.181 3.183a8.25 8.25 0 0 0 13.803-3.7M4.031 9.865a8.25 8.25 0 0 1 13.803-3.7l3.181 3.182m0-4.991v4.99"
            stroke-linecap="round"
            stroke-linejoin="round"
          />
        </svg>
      </span>
    </button>
  </div>
</div>
`;
